   Compiling miniz_oxide v0.8.9
   Compiling ug v0.4.0
   Compiling idna v1.1.0
   Compiling onig_sys v69.9.1
   Compiling openssl v0.10.75
   Compiling gemm v0.17.1
   Compiling zip v1.1.4
   Compiling derive_builder_core v0.20.2
   Compiling parking_lot_core v0.9.12
   Compiling rustls-webpki v0.103.9
   Compiling webpki-roots v1.0.5
   Compiling rand_core v0.6.4
   Compiling ahash v0.8.12
   Compiling esaxx-rs v0.1.10
   Compiling errno v0.3.14
   Compiling iana-time-zone v0.1.65
   Compiling bit-vec v0.6.3
   Compiling option-ext v0.2.0
   Compiling anyhow v1.0.100
   Compiling subtle v2.6.1
   Compiling minimal-lexical v0.2.1
   Compiling byteorder v1.5.0
   Compiling openssl-probe v0.1.6
   Compiling nom v7.1.3
   Compiling native-tls v0.2.14
   Compiling candle-core v0.9.1
   Compiling rustls v0.23.36
   Compiling dirs-sys v0.4.1
   Compiling bit-set v0.5.3
   Compiling chrono v0.4.43
   Compiling signal-hook-registry v1.4.8
   Compiling rand_chacha v0.3.1
   Compiling webpki-roots v0.26.11
   Compiling derive_builder_macro v0.20.2
   Compiling parking_lot v0.12.5
   Compiling flate2 v1.1.8
   Compiling url v2.5.8
   Compiling regex v1.12.2
   Compiling console v0.15.11
   Compiling console v0.16.2
   Compiling castaway v0.2.4
   Compiling itertools v0.14.0
   Compiling uuid v1.20.0
   Compiling monostate-impl v0.1.18
   Compiling tokio-macros v2.6.0
   Compiling async-trait v0.1.89
   Compiling mio v1.1.1
   Compiling socket2 v0.6.2
   Compiling bytes v1.11.0
   Compiling base64 v0.13.1
   Compiling macro_rules_attribute-proc_macro v0.2.2
   Compiling unit-prefix v0.5.2
   Compiling static_assertions v1.1.0
   Compiling base64 v0.22.1
   Compiling number_prefix v0.4.0
   Compiling ryu v1.0.22
   Compiling unicode-segmentation v1.12.0
   Compiling ureq v2.12.1
   Compiling compact_str v0.9.0
   Compiling spm_precompiled v0.1.4
   Compiling tokio v1.49.0
   Compiling indicatif v0.17.11
   Compiling macro_rules_attribute v0.2.2
   Compiling indicatif v0.18.3
   Compiling tardis-common v0.1.0 (/app/common)
   Compiling rayon-cond v0.4.0
   Compiling monostate v0.1.18
   Compiling candle-nn v0.9.1
   Compiling derive_builder v0.20.2
   Compiling rand v0.8.5
   Compiling onig v6.5.1
   Compiling fancy-regex v0.13.0
   Compiling dirs v5.0.1
   Compiling unicode-normalization-alignments v0.1.12
   Compiling dary_heap v0.3.8
   Compiling serde_plain v1.0.2
   Compiling alloca v0.4.0
   Compiling ciborium-io v0.2.2
   Compiling plotters-backend v0.3.7
   Compiling clap_lex v0.7.7
   Compiling anstyle v1.0.13
   Compiling unicode_categories v0.1.1
   Compiling tokenizers v0.22.2
   Compiling clap_builder v4.5.56
   Compiling plotters-svg v0.3.7
   Compiling ciborium-ll v0.2.2
   Compiling candle-transformers v0.9.1
   Compiling hf-hub v0.3.2
   Compiling safetensors v0.7.0
   Compiling itertools v0.13.0
   Compiling same-file v1.0.6
   Compiling cast v0.3.0
   Compiling walkdir v2.5.0
   Compiling clap v4.5.56
   Compiling ciborium v0.2.2
   Compiling criterion-plot v0.8.1
   Compiling plotters v0.3.7
   Compiling tardis-gallifrey v0.1.0 (/app/gallifrey)
   Compiling tinytemplate v1.2.1
   Compiling page_size v0.6.0
   Compiling oorandom v11.1.5
   Compiling anes v0.1.6
   Compiling criterion v0.8.1
   Compiling tardis-vortex v0.1.0 (/app/vortex)
   Compiling tardis-chronos v0.1.0 (/app/chronos)
error[E0631]: type mismatch in function arguments
  --> chronos/src/experimental/prophecy.rs:70:22
   |
70 |             .map_err(ChronosError::Common)?;
   |              ------- ^^^^^^^^^^^^^^^^^^^^ expected due to this
   |              |
   |              required by a bound introduced by this call
   |
  ::: chronos/src/error.rs:42:5
   |
42 |     Common(#[from] tardis_common::Error),
   |     ------ found signature defined here
   |
   = note: expected function signature `fn(VortexError) -> _`
              found function signature `fn(tardis_common::Error) -> _`
note: required by a bound in `Result::<T, E>::map_err`
  --> /rustc/ded5c06cf21d2b93bffd5d884aa6e96934ee4234/library/core/src/result.rs:962:5
help: consider wrapping the function in a closure
   |
70 |             .map_err(|arg0: VortexError| ChronosError::Common(/* tardis_common::Error */))?;
   |                      +++++++++++++++++++                     ++++++++++++++++++++++++++++

For more information about this error, try `rustc --explain E0631`.
error: could not compile `tardis-chronos` (lib) due to 1 previous error
warning: build failed, waiting for other jobs to finish...
